diff --git src/3rdparty/gn/src/gn/format_test_data/016.golden src/3rdparty/gn/src/gn/format_test_data/016.golden
index 3f4f15bc507..e9610a0be38 100644
--- src/3rdparty/gn/src/gn/format_test_data/016.golden
+++ src/3rdparty/gn/src/gn/format_test_data/016.golden
@@ -1 +1 @@
-something = (!is_win && is_linux) || (is_mac && !(is_freebsd || is_ios))
+something = (!is_win && is_linux) || (is_mac && !(is_freebsd || is_ios || is_dragonfly))
